::1 - - [04/Jun/2026 03:20:40] "GET /index.html HTTP/1.1" 200 -
::1 - - [04/Jun/2026 03:20:41] code 404, message File not found
::1 - - [04/Jun/2026 03:20:41] "GET /favicon.ico HTTP/1.1" 404 -
::1 - - [04/Jun/2026 03:20:41] code 404, message File not found
::1 - - [04/Jun/2026 03:20:41] "GET /apple-touch-icon-precomposed.png HTTP/1.1" 404 -
::1 - - [04/Jun/2026 03:20:41] code 404, message File not found
::1 - - [04/Jun/2026 03:20:41] "GET /apple-touch-icon.png HTTP/1.1" 404 -
::1 - - [04/Jun/2026 03:21:57] "GET /dashboard/signup.html HTTP/1.1" 200 -
::1 - - [04/Jun/2026 04:01:29] "GET /index.html HTTP/1.1" 200 -
::1 - - [04/Jun/2026 04:11:58] "GET /dashboard/billing.html HTTP/1.1" 200 -
::1 - - [04/Jun/2026 04:11:58] "GET /dashboard/login.html HTTP/1.1" 200 -
::1 - - [04/Jun/2026 04:12:05] "GET /dashboard/index.html HTTP/1.1" 200 -
::1 - - [04/Jun/2026 04:53:42] "GET /index.html HTTP/1.1" 200 -
::1 - - [04/Jun/2026 04:56:15] "GET /dashboard/billing.html HTTP/1.1" 200 -
::1 - - [04/Jun/2026 04:57:18] "GET /index.html HTTP/1.1" 304 -
::1 - - [04/Jun/2026 04:58:58] "GET /dashboard/index.html HTTP/1.1" 200 -
::1 - - [04/Jun/2026 05:05:10] "GET /index.html HTTP/1.1" 200 -
::1 - - [04/Jun/2026 20:50:18] "GET /index.html HTTP/1.1" 200 -
::1 - - [04/Jun/2026 21:13:56] "GET /dashboard/billing.html HTTP/1.1" 304 -
::1 - - [04/Jun/2026 21:14:32] "GET /dashboard/index.html HTTP/1.1" 304 -
::1 - - [06/Jun/2026 05:23:51] "GET /index.html HTTP/1.1" 200 -
::1 - - [06/Jun/2026 05:23:51] code 404, message File not found
::1 - - [06/Jun/2026 05:23:51] "GET /logo.png HTTP/1.1" 404 -
::1 - - [06/Jun/2026 05:23:56] "GET /dashboard/login.html HTTP/1.1" 200 -
::1 - - [06/Jun/2026 05:23:59] "GET /dashboard/index.html HTTP/1.1" 200 -
::1 - - [06/Jun/2026 05:24:00] code 404, message File not found
::1 - - [06/Jun/2026 05:24:00] "GET /apple-touch-icon-precomposed.png HTTP/1.1" 404 -
::1 - - [06/Jun/2026 05:24:00] code 404, message File not found
::1 - - [06/Jun/2026 05:24:00] "GET /apple-touch-icon.png HTTP/1.1" 404 -
::1 - - [06/Jun/2026 05:30:47] "GET /dashboard/index.html HTTP/1.1" 200 -
::1 - - [06/Jun/2026 05:38:47] "GET /dashboard/index.html HTTP/1.1" 200 -
::1 - - [06/Jun/2026 05:38:59] "GET /dashboard/billing.html HTTP/1.1" 200 -
::1 - - [06/Jun/2026 05:39:18] code 404, message File not found
::1 - - [06/Jun/2026 05:39:18] "GET /logo.png HTTP/1.1" 404 -
::1 - - [06/Jun/2026 05:39:29] "GET /index.html HTTP/1.1" 200 -
::1 - - [06/Jun/2026 05:39:29] code 404, message File not found
::1 - - [06/Jun/2026 05:39:29] "GET /logo.png HTTP/1.1" 404 -
::1 - - [06/Jun/2026 05:39:39] "GET /index.html HTTP/1.1" 200 -
::1 - - [06/Jun/2026 05:39:39] code 404, message File not found
::1 - - [06/Jun/2026 05:39:39] "GET /logo.png HTTP/1.1" 404 -
::1 - - [06/Jun/2026 05:41:55] "GET /dashboard/signup.html HTTP/1.1" 200 -
::1 - - [06/Jun/2026 05:42:07] "GET /index.html HTTP/1.1" 304 -
::1 - - [06/Jun/2026 05:42:07] code 404, message File not found
::1 - - [06/Jun/2026 05:42:07] "GET /logo.png HTTP/1.1" 404 -
::1 - - [06/Jun/2026 05:42:28] "GET /docs.html HTTP/1.1" 200 -
::1 - - [06/Jun/2026 05:42:38] code 404, message File not found
::1 - - [06/Jun/2026 05:42:38] "GET /logo.png HTTP/1.1" 404 -
::1 - - [06/Jun/2026 05:42:45] "GET /dashboard/index.html HTTP/1.1" 304 -
::1 - - [06/Jun/2026 05:59:40] "GET /dashboard/index.html HTTP/1.1" 200 -
::1 - - [06/Jun/2026 06:09:22] "GET /dashboard/index.html HTTP/1.1" 200 -
::1 - - [06/Jun/2026 06:10:04] "GET /dashboard/login.html HTTP/1.1" 200 -
::1 - - [06/Jun/2026 06:11:06] "GET /dashboard/index.html HTTP/1.1" 304 -
::1 - - [06/Jun/2026 18:57:22] "GET /dashboard/index.html HTTP/1.1" 200 -
::1 - - [06/Jun/2026 18:57:24] "GET /dashboard/index.html HTTP/1.1" 200 -
::1 - - [06/Jun/2026 18:58:35] "GET /dashboard/index.html HTTP/1.1" 200 -
::1 - - [06/Jun/2026 19:04:45] code 404, message File not found
::1 - - [06/Jun/2026 19:04:45] "GET /logo.png HTTP/1.1" 404 -
::1 - - [06/Jun/2026 19:04:48] "GET /index.html HTTP/1.1" 200 -
::1 - - [06/Jun/2026 19:04:48] code 404, message File not found
::1 - - [06/Jun/2026 19:04:48] "GET /logo.png HTTP/1.1" 404 -
::1 - - [06/Jun/2026 19:10:48] "GET /dashboard/login.html HTTP/1.1" 304 -
::1 - - [06/Jun/2026 19:11:14] code 404, message File not found
::1 - - [06/Jun/2026 19:11:14] "GET /logo.png HTTP/1.1" 404 -
::1 - - [06/Jun/2026 20:29:28] "GET /index.html HTTP/1.1" 200 -
::1 - - [06/Jun/2026 20:29:28] code 404, message File not found
::1 - - [06/Jun/2026 20:29:28] "GET /logo.png HTTP/1.1" 404 -
::1 - - [06/Jun/2026 20:30:05] "GET /dashboard/signup.html HTTP/1.1" 200 -
::1 - - [06/Jun/2026 20:32:46] "GET /dashboard/signup.html HTTP/1.1" 200 -
::1 - - [06/Jun/2026 20:32:51] "GET /dashboard/login.html HTTP/1.1" 200 -
::1 - - [06/Jun/2026 20:32:57] "GET /dashboard/index.html HTTP/1.1" 200 -
::1 - - [06/Jun/2026 20:33:11] "GET /dashboard/login.html HTTP/1.1" 200 -
::1 - - [06/Jun/2026 20:34:20] "GET /dashboard/index.html HTTP/1.1" 200 -
::1 - - [06/Jun/2026 20:38:26] "GET /dashboard/billing.html HTTP/1.1" 200 -
::1 - - [06/Jun/2026 20:38:39] "GET /dashboard/index.html HTTP/1.1" 200 -
::1 - - [06/Jun/2026 20:42:26] "GET /dashboard/index.html HTTP/1.1" 200 -
::1 - - [06/Jun/2026 20:42:35] "GET /dashboard/index.html HTTP/1.1" 200 -
::1 - - [06/Jun/2026 20:44:33] code 404, message File not found
::1 - - [06/Jun/2026 20:44:33] "GET /logo.png HTTP/1.1" 404 -
::1 - - [07/Jun/2026 00:08:14] "GET /index.html HTTP/1.1" 200 -
::1 - - [07/Jun/2026 00:08:14] code 404, message File not found
::1 - - [07/Jun/2026 00:08:14] "GET /logo.png HTTP/1.1" 404 -
::1 - - [07/Jun/2026 00:41:51] "GET /docs.html HTTP/1.1" 200 -
::1 - - [07/Jun/2026 00:42:45] code 404, message File not found
::1 - - [07/Jun/2026 00:42:45] "GET /logo.png HTTP/1.1" 404 -
::1 - - [07/Jun/2026 01:36:23] "GET /index.html HTTP/1.1" 200 -
::1 - - [07/Jun/2026 01:36:23] code 404, message File not found
::1 - - [07/Jun/2026 01:36:23] "GET /logo.png HTTP/1.1" 404 -
::1 - - [07/Jun/2026 01:36:24] "GET /index.html HTTP/1.1" 200 -
::1 - - [07/Jun/2026 01:36:24] code 404, message File not found
::1 - - [07/Jun/2026 01:36:24] "GET /logo.png HTTP/1.1" 404 -
::1 - - [07/Jun/2026 01:37:27] "GET /index.html HTTP/1.1" 200 -
::1 - - [07/Jun/2026 01:37:27] code 404, message File not found
::1 - - [07/Jun/2026 01:37:27] "GET /logo.png HTTP/1.1" 404 -
::1 - - [07/Jun/2026 01:39:02] "GET /index.html HTTP/1.1" 200 -
::1 - - [07/Jun/2026 01:39:02] code 404, message File not found
::1 - - [07/Jun/2026 01:39:02] "GET /logo.png HTTP/1.1" 404 -
::1 - - [07/Jun/2026 01:43:04] "GET /index.html HTTP/1.1" 200 -
::1 - - [07/Jun/2026 01:43:04] code 404, message File not found
::1 - - [07/Jun/2026 01:43:04] "GET /logo.png HTTP/1.1" 404 -
::1 - - [07/Jun/2026 02:00:32] "GET /index.html HTTP/1.1" 200 -
::1 - - [07/Jun/2026 02:00:32] code 404, message File not found
::1 - - [07/Jun/2026 02:00:32] "GET /logo.png HTTP/1.1" 404 -
::1 - - [07/Jun/2026 02:01:04] "GET /index.html HTTP/1.1" 200 -
::1 - - [07/Jun/2026 02:01:04] code 404, message File not found
::1 - - [07/Jun/2026 02:01:04] "GET /logo.png HTTP/1.1" 404 -
::1 - - [07/Jun/2026 07:11:00] "GET /index.html HTTP/1.1" 200 -
::1 - - [07/Jun/2026 07:11:00] code 404, message File not found
::1 - - [07/Jun/2026 07:11:00] "GET /logo.png HTTP/1.1" 404 -
::1 - - [07/Jun/2026 07:11:16] "GET /index.html HTTP/1.1" 200 -
::1 - - [07/Jun/2026 07:11:16] code 404, message File not found
::1 - - [07/Jun/2026 07:11:16] "GET /logo.png HTTP/1.1" 404 -
::1 - - [07/Jun/2026 08:26:40] "GET /index.html HTTP/1.1" 200 -
::1 - - [07/Jun/2026 08:26:40] code 404, message File not found
::1 - - [07/Jun/2026 08:26:40] "GET /logo.png HTTP/1.1" 404 -
::1 - - [07/Jun/2026 08:26:43] "GET /dashboard/login.html HTTP/1.1" 200 -
::1 - - [07/Jun/2026 09:36:37] "GET /dashboard/login.html HTTP/1.1" 200 -
::1 - - [07/Jun/2026 09:36:44] "GET /index.html HTTP/1.1" 200 -
::1 - - [07/Jun/2026 09:36:44] code 404, message File not found
::1 - - [07/Jun/2026 09:36:44] "GET /logo.png HTTP/1.1" 404 -
::1 - - [07/Jun/2026 09:36:46] "GET /index.html HTTP/1.1" 200 -
::1 - - [07/Jun/2026 09:36:46] code 404, message File not found
::1 - - [07/Jun/2026 09:36:46] "GET /logo.png HTTP/1.1" 404 -
::1 - - [07/Jun/2026 09:36:59] code 404, message File not found
::1 - - [07/Jun/2026 09:36:59] "GET /logo.png HTTP/1.1" 404 -
::1 - - [07/Jun/2026 09:37:52] code 404, message File not found
::1 - - [07/Jun/2026 09:37:52] "GET /logo.png HTTP/1.1" 404 -
::1 - - [07/Jun/2026 09:42:58] "GET /index.html HTTP/1.1" 200 -
::1 - - [07/Jun/2026 09:42:58] code 404, message File not found
::1 - - [07/Jun/2026 09:42:58] "GET /logo.png HTTP/1.1" 404 -
::1 - - [07/Jun/2026 09:43:22] "GET /dashboard/index.html HTTP/1.1" 200 -
::1 - - [07/Jun/2026 20:59:06] "GET /dashboard/index.html HTTP/1.1" 200 -
::1 - - [07/Jun/2026 20:59:58] "GET / HTTP/1.1" 200 -
::1 - - [07/Jun/2026 20:59:58] code 404, message File not found
::1 - - [07/Jun/2026 20:59:58] "GET /logo.png HTTP/1.1" 404 -
::1 - - [07/Jun/2026 21:00:01] "GET /dashboard/login.html HTTP/1.1" 200 -
::1 - - [07/Jun/2026 21:13:00] "GET /dashboard/index.html HTTP/1.1" 200 -
::1 - - [07/Jun/2026 21:13:01] "GET /dashboard/index.html HTTP/1.1" 200 -
::1 - - [07/Jun/2026 21:15:21] "GET /dashboard/index.html HTTP/1.1" 200 -
::1 - - [07/Jun/2026 22:12:51] "GET / HTTP/1.1" 200 -
::1 - - [07/Jun/2026 22:12:51] code 404, message File not found
::1 - - [07/Jun/2026 22:12:51] "GET /logo.png HTTP/1.1" 404 -
::1 - - [07/Jun/2026 22:12:53] code 404, message File not found
::1 - - [07/Jun/2026 22:12:53] "GET /logo.png HTTP/1.1" 404 -
::1 - - [07/Jun/2026 22:12:57] "GET /docs.html HTTP/1.1" 304 -
::1 - - [07/Jun/2026 22:13:07] "GET /index.html HTTP/1.1" 200 -
::1 - - [07/Jun/2026 22:13:07] code 404, message File not found
::1 - - [07/Jun/2026 22:13:07] "GET /logo.png HTTP/1.1" 404 -
::1 - - [07/Jun/2026 22:24:00] "GET /dashboard/index.html HTTP/1.1" 200 -
::1 - - [07/Jun/2026 22:31:42] "GET /dashboard/index.html HTTP/1.1" 304 -
::1 - - [07/Jun/2026 22:34:57] "GET /dashboard/index.html HTTP/1.1" 200 -
::1 - - [07/Jun/2026 22:35:02] "GET /dashboard/index.html HTTP/1.1" 200 -
::1 - - [07/Jun/2026 22:41:05] "GET /dashboard/index.html HTTP/1.1" 200 -
::1 - - [07/Jun/2026 22:41:24] "GET /dashboard/index.html HTTP/1.1" 200 -
::1 - - [07/Jun/2026 22:46:29] "GET /dashboard/index.html HTTP/1.1" 200 -
::1 - - [07/Jun/2026 22:52:41] "GET /dashboard/index.html HTTP/1.1" 200 -
::1 - - [07/Jun/2026 22:57:09] code 404, message File not found
::1 - - [07/Jun/2026 22:57:09] "GET /logo.png HTTP/1.1" 404 -
::1 - - [07/Jun/2026 22:57:11] code 404, message File not found
::1 - - [07/Jun/2026 22:57:11] "GET /logo.png HTTP/1.1" 404 -
::1 - - [07/Jun/2026 22:58:39] "GET /dashboard/index.html HTTP/1.1" 304 -
::1 - - [07/Jun/2026 23:07:49] "GET /dashboard/index.html HTTP/1.1" 200 -
::1 - - [07/Jun/2026 23:11:58] "GET /dashboard/index.html HTTP/1.1" 200 -
::1 - - [08/Jun/2026 02:00:05] "GET /dashboard/login.html HTTP/1.1" 200 -
::1 - - [08/Jun/2026 02:00:07] "GET /index.html HTTP/1.1" 200 -
::1 - - [08/Jun/2026 02:05:44] code 404, message File not found
::1 - - [08/Jun/2026 02:05:44] code 404, message File not found
::1 - - [08/Jun/2026 02:05:44] code 404, message File not found
::1 - - [08/Jun/2026 02:05:44] "GET /apple-touch-icon.png HTTP/1.1" 404 -
::1 - - [08/Jun/2026 02:05:44] "GET /favicon.ico HTTP/1.1" 404 -
::1 - - [08/Jun/2026 02:05:44] "GET /apple-touch-icon-precomposed.png HTTP/1.1" 404 -
::1 - - [08/Jun/2026 02:05:50] "GET /index.html HTTP/1.1" 200 -
::1 - - [08/Jun/2026 02:05:51] code 404, message File not found
::1 - - [08/Jun/2026 02:05:51] "GET /favicon.ico HTTP/1.1" 404 -
::1 - - [08/Jun/2026 02:23:12] "GET /index.html HTTP/1.1" 200 -
::1 - - [08/Jun/2026 02:23:52] "GET /index.html HTTP/1.1" 200 -
::1 - - [08/Jun/2026 02:30:23] "GET /dashboard/login.html HTTP/1.1" 200 -
::1 - - [08/Jun/2026 02:30:26] "GET /dashboard/index.html HTTP/1.1" 200 -
::1 - - [08/Jun/2026 02:30:49] "GET /index.html HTTP/1.1" 304 -
::1 - - [08/Jun/2026 03:58:01] "GET /index.html HTTP/1.1" 200 -
::1 - - [08/Jun/2026 03:58:05] "GET /dashboard/index.html HTTP/1.1" 200 -
::1 - - [08/Jun/2026 03:58:05] "GET /dashboard/login.html HTTP/1.1" 200 -
::1 - - [08/Jun/2026 04:01:45] "GET /index.html HTTP/1.1" 200 -
::1 - - [08/Jun/2026 04:01:49] "GET /dashboard/index.html HTTP/1.1" 200 -
::1 - - [08/Jun/2026 04:01:49] "GET /dashboard/login.html HTTP/1.1" 200 -
